// Jest Snapshot v1, https://goo.gl/fbAQLP

exports[`renders correctly when there is one row 1`] = `
<tr
  className="MuiTableRow-root"
  role={null}
>
  <td
    aria-sort={null}
    className="MuiTableCell-root"
  >
    BUY
  </td>
  <td
    aria-sort={null}
    className="MuiTableCell-root"
  >
    2019-09-06
  </td>
  <td
    aria-sort={null}
    className="MuiTableCell-root"
  >
    3% GC/3.5% Barges Rot
  </td>
  <td
    aria-sort={null}
    className="MuiTableCell-root"
  >
    Fuel
  </td>
  <td
    aria-sort={null}
    className="MuiTableCell-root"
    style={null}
  >
    22.50
  </td>
  <td
    aria-sort={null}
    className="MuiTableCell-root"
  >
    6
  </td>
  <td
    aria-sort={null}
    className="MuiTableCell-root"
  />
  <td
    aria-sort={null}
    className="MuiTableCell-root"
  />
  <td
    aria-sort={null}
    className="MuiTableCell-root"
  >
    2020-12-01
  </td>
  <td
    aria-sort={null}
    className="MuiTableCell-root"
  >
    2020-12-31
  </td>
  <td
    aria-sort={null}
    className="MuiTableCell-root"
  >
    2019-09-06T17:39:16.477417Z
  </td>
</tr>
`;
